Evidence directory: /var/folders/jf/r_555_zn53v7_z6p_z5b2z6h0000gn/T/anejo-private-resource-ASdgTP
(node:5499) [MODULE_TYPELESS_PACKAGE_JSON] Warning: Module type of file:///Users/aiagent/Dayan%20Workspace/Aether/anejo-app/test/helpers/sqlite-d1.js is not specified and it doesn't parse as CommonJS.
Reparsing as ES module because module syntax was detected. This incurs a performance overhead.
To eliminate this warning, add "type": "module" to /Users/aiagent/Dayan Workspace/Aether/anejo-app/package.json.
(Use `node --trace-warnings ...` to show where the warning was created)
1: square.jpg reposado-wide status=200 verified=true
2: square.jpg reposado-cajita status=200 verified=true
3: square.png reposado-wide status=200 verified=true
4: square.png reposado-cajita status=200 verified=true
5: square-exact-5mib.png reposado-wide status=200 verified=true
6: square-exact-5mib.png reposado-cajita status=200 verified=true
7: landscape.jpg reposado-wide status=200 verified=true
8: landscape.jpg reposado-cajita status=200 verified=true
9: landscape.png reposado-wide status=200 verified=true
10: landscape.png reposado-cajita status=200 verified=true
11: portrait.jpg reposado-wide status=200 verified=true
12: portrait.jpg reposado-cajita status=200 verified=true
13: portrait.png reposado-wide status=200 verified=true
14: portrait.png reposado-cajita status=200 verified=true
15: ultrawide.jpg reposado-wide status=200 verified=true
16: ultrawide.jpg reposado-cajita status=200 verified=true
17: ultrawide.png reposado-wide status=200 verified=true
18: ultrawide.png reposado-cajita status=200 verified=true
19: ultratall.jpg reposado-wide status=200 verified=true
20: ultratall.jpg reposado-cajita status=200 verified=true
21: ultratall.png reposado-wide status=200 verified=true
22: ultratall.png reposado-cajita status=200 verified=true
23: oversize.bin reposado-wide status=409 verified=true
24: unsupported.bin reposado-wide status=409 verified=true
25: over-pixel-limit.png reposado-wide status=409 verified=true
26: empty.bin reposado-wide status=409 verified=true
27: square-p3-orientation-1.jpg reposado-wide status=200 verified=true
28: square-p3-orientation-1.jpg reposado-cajita status=200 verified=true
29: square-p3-orientation-6.jpg reposado-wide status=200 verified=true
30: square-p3-orientation-6.jpg reposado-cajita status=200 verified=true
31: phone-4032x3024.jpg reposado-wide status=409 verified=true
32: phone-6000x4000.jpg reposado-wide status=409 verified=true
33: square.jpg reposado-wide status=200 verified=true
34: square.jpg reposado-cajita status=200 verified=true
35: square.png reposado-wide status=200 verified=true
36: square.png reposado-cajita status=200 verified=true
37: square-exact-5mib.png reposado-wide status=200 verified=true
38: square-exact-5mib.png reposado-cajita status=200 verified=true
39: landscape.jpg reposado-wide status=200 verified=true
40: landscape.jpg reposado-cajita status=200 verified=true
41: landscape.png reposado-wide status=200 verified=true
42: landscape.png reposado-cajita status=200 verified=true
43: portrait.jpg reposado-wide status=200 verified=true
44: portrait.jpg reposado-cajita status=200 verified=true
45: portrait.png reposado-wide status=200 verified=true
46: portrait.png reposado-cajita status=200 verified=true
47: ultrawide.jpg reposado-wide status=200 verified=true
48: ultrawide.jpg reposado-cajita status=200 verified=true
49: ultrawide.png reposado-wide status=200 verified=true
50: ultrawide.png reposado-cajita status=200 verified=true
51: ultratall.jpg reposado-wide status=200 verified=true
52: ultratall.jpg reposado-cajita status=200 verified=true
53: ultratall.png reposado-wide status=200 verified=true
54: ultratall.png reposado-cajita status=200 verified=true
55: square-p3-orientation-1.jpg reposado-wide status=200 verified=true
56: square-p3-orientation-1.jpg reposado-cajita status=200 verified=true
57: square-p3-orientation-6.jpg reposado-wide status=200 verified=true
58: square-p3-orientation-6.jpg reposado-cajita status=200 verified=true
59: square.jpg reposado-wide status=200 verified=true
60: square.jpg reposado-cajita status=200 verified=true
61: square.png reposado-wide status=200 verified=true
62: square.png reposado-cajita status=200 verified=true
63: square-exact-5mib.png reposado-wide status=200 verified=true
64: square-exact-5mib.png reposado-cajita status=200 verified=true
65: landscape.jpg reposado-wide status=200 verified=true
66: landscape.jpg reposado-cajita status=200 verified=true
67: landscape.png reposado-wide status=200 verified=true
68: landscape.png reposado-cajita status=200 verified=true
69: portrait.jpg reposado-wide status=200 verified=true
70: portrait.jpg reposado-cajita status=200 verified=true
71: portrait.png reposado-wide status=200 verified=true
72: portrait.png reposado-cajita status=200 verified=true
73: ultrawide.jpg reposado-wide status=200 verified=true
74: ultrawide.jpg reposado-cajita status=200 verified=true
75: ultrawide.png reposado-wide status=200 verified=true
76: ultrawide.png reposado-cajita status=200 verified=true
77: ultratall.jpg reposado-wide status=200 verified=true
78: ultratall.jpg reposado-cajita status=200 verified=true
79: ultratall.png reposado-wide status=200 verified=true
80: ultratall.png reposado-cajita status=200 verified=true
81: square-p3-orientation-1.jpg reposado-wide status=200 verified=true
82: square-p3-orientation-1.jpg reposado-cajita status=200 verified=true
83: square-p3-orientation-6.jpg reposado-wide status=200 verified=true
84: square-p3-orientation-6.jpg reposado-cajita status=200 verified=true
Verified 84 local requests; production resource readiness remains unverified.
